[backblue.gif]
[fade.gif]
[index.html]
[www.avtostudio.si/wp-includes/css/dist/block-library/style.min3c21.css]
[www.avtostudio.si/wp-content/uploads/siteground-optimizer-assets/siteground-optimizer-combined-styles-1eec63d91d06b91160d76f8975623cbbfee8.css]
[www.avtostudio.si/feed/index.html]
[www.avtostudio.si/comments/feed/index.html]
[use.fontawesome.com/releases/v5.8.1/css/all.css]
[use.fontawesome.com/releases/v5.8.1/css/v4-shims.css]
[www.avtostudio.si/wp-includes/js/jquery/jqueryb8ff.js]
[www.avtostudio.si/wp-includes/js/jquery/jquery-migrate.min330a.js]
[www.avtostudio.si/wp-content/plugins/cookie-notice/js/front.mine8f3.js]
[www.avtostudio.si/wp-content/plugins/revslider/public/assets/js/jquery.themepunch.tools.min78d9.js]
[www.avtostudio.si/wp-content/plugins/revslider/public/assets/js/jquery.themepunch.revolution.min78d9.js]
[www.avtostudio.si/wp-content/themes/atlantis/js/modernizr91ee.js]
[www.avtostudio.si/xmlrpc0db0.php]
[www.avtostudio.si/wp-json/index.html]
[www.avtostudio.si/wp-includes/wlwmanifest.xml]
[www.avtostudio.si/wp-json/oembed/1.0/embed4dae.json]
[www.avtostudio.si/wp-json/oembed/1.0/embed9a47]
[www.avtostudio.si/wp-content/uploads/2019/03/cropped-avtostudio512x512-1-1-32x32.png]
[www.avtostudio.si/wp-content/uploads/2019/03/cropped-avtostudio512x512-1-1-192x192.png]
[www.avtostudio.si/wp-content/uploads/2019/03/cropped-avtostudio512x512-1-1-180x180.png]
[www.google-analytics.com/analytics.js]
[www.avtostudio.si/wp-content/uploads/2019/03/avtostudio-logo.png]
[www.avtostudio.si/wp-content/plugins/revslider/admin/assets/images/dummy.png]
[www.avtostudio.si/wp-content/plugins/revslider/public/assets/fonts/font-awesome/css/font-awesome.css]
[www.avtostudio.si/wp-content/plugins/novaro-brand/js/jquery.flexslider-min4b1d.js]
[www.avtostudio.si/wp-content/plugins/novaro-brand/js/nvrbrand5152.js]
[www.avtostudio.si/wp-content/plugins/novaro-shortcodes/js/appear5152.js]
[www.avtostudio.si/wp-content/plugins/novaro-shortcodes/js/jquery.isotope.min5152.js]
[www.avtostudio.si/wp-content/plugins/novaro-shortcodes/js/jquery.prettyPhoto6aec.js]
[www.avtostudio.si/wp-content/plugins/novaro-shortcodes/js/jquery.infinitescrolla817.js]
[www.avtostudio.si/wp-content/plugins/novaro-shortcodes/js/imagesloaded.pkgd.min459e.js]
[www.avtostudio.si/wp-content/plugins/novaro-shortcodes/js/perfect-scrollbar.with-mousewheel.min70b1.js]
[www.avtostudio.si/wp-content/plugins/novaro-shortcodes/js/jquery.countTo5152.js]
[www.avtostudio.si/wp-content/plugins/novaro-shortcodes/js/nvrshortcodes4b1d.js]
[www.avtostudio.si/wp-includes/js/comment-reply.min3c21.js]
[www.avtostudio.si/wp-content/plugins/contact-form-7/includes/js/scripts3c21.js]
[www.avtostudio.si/wp-content/themes/atlantis/js/jquery.easing62ea.js]
[www.avtostudio.si/wp-content/themes/atlantis/js/jquery.colord5f7.js]
[www.avtostudio.si/wp-content/themes/atlantis/js/jquery.parallax-1.1.3c358.js]
[www.avtostudio.si/wp-content/themes/atlantis/js/retina.minf488.js]
[www.avtostudio.si/wp-content/themes/atlantis/js/nvrportfolio5152.js]
[www.avtostudio.si/wp-content/themes/atlantis/js/nvrtestimonial5152.js]
[www.avtostudio.si/wp-content/themes/atlantis/js/custom5152.js]
[www.avtostudio.si/wp-includes/js/wp-embed.min3c21.js]
[www.avtostudio.si/wp-content/plugins/js_composer/assets/js/dist/js_composer_front.min3c21.js]
[www.avtostudio.si/index.html]
[www.avtostudio.si/xmlrpc.php]
[www.avtostudio.si/wp-includes/css/dist/block-library/style.min3c21.css]
[www.avtostudio.si/wp-content/plugins/novaro-shortcodes/images/quote.png]
[www.avtostudio.si/wp-content/plugins/contact-form-7/images/ajax-loader.gif]
[www.avtostudio.si/wp-content/plugins/revslider/public/assets/fonts/revicons/revicons90c6.eot]
[www.avtostudio.si/wp-content/themes/atlantis/fonts/fontawesome-webfonte0a5.eot]
[www.avtostudio.si/wp-content/themes/atlantis/fonts/line-icons.eot]
[www.avtostudio.si/wp-content/themes/atlantis/fonts/line-iconsd41d.eot]
[www.avtostudio.si/wp-content/themes/atlantis/fonts/line-icons.woff]
[www.avtostudio.si/wp-content/themes/atlantis/fonts/line-icons.ttf]
[www.avtostudio.si/wp-content/uploads/siteground-optimizer-assets/siteground-optimizer-combined-styles-1eec63d91d06b91160d76f8975623cbbfee8.css]
[use.fontawesome.com/releases/v5.8.1/css/all.css]
[use.fontawesome.com/releases/v5.8.1/css/v4-shims.css]
[www.avtostudio.si/wp-content/themes/atlantis/fonts/line-icons.svg]
[www.avtostudio.si/wp-json/oembed/1.0/embed749d.json]
[www.avtostudio.si/wp-json/oembed/1.0/embed3bd9]
[www.avtostudio.si/kontakt/index.html]
[www.avtostudio.si/wp-json/oembed/1.0/embedcb67.json]
[www.avtostudio.si/wp-json/oembed/1.0/embed0a78]
[www.avtostudio.si/temnenje-stekel/index.html]
[www.avtostudio.si/wp-json/oembed/1.0/embed099f.json]
[www.avtostudio.si/wp-json/oembed/1.0/embedfe8d]
[www.avtostudio.si/globinsko-ciscenje/index.html]
[www.avtostudio.si/wp-json/oembed/1.0/embede965.json]
[www.avtostudio.si/wp-json/oembed/1.0/embede61b]
[www.avtostudio.si/poliranje-vozila/index.html]
[www.avtostudio.si/wp-json/oembed/1.0/embed004e.json]
[www.avtostudio.si/wp-json/oembed/1.0/embed66b8]
[www.avtostudio.si/poliranje-zarometov/index.html]
[www.avtostudio.si/wp-json/oembed/1.0/embede0fb.json]
[www.avtostudio.si/wp-json/oembed/1.0/embeda622]
[www.avtostudio.si/ciscenje-in-nega-usnja/index.html]
[www.avtostudio.si/wp-json/oembed/1.0/embedea2f.json]
[www.avtostudio.si/wp-json/oembed/1.0/embed521e]
[www.avtostudio.si/priprava-vozila-na-prodajo/index.html]
[www.avtostudio.si/wp-content/uploads/revslider/homepageslider/pexels-photo-305070-1024x678.jpg]
[www.avtostudio.si/wp-content/uploads/revslider/homepageslider/pexels-photo-305070.jpg]
[www.avtostudio.si/wp-json/oembed/1.0/embed01bd.json]
[www.avtostudio.si/wp-json/oembed/1.0/embed4f65]
[www.avtostudio.si/politika-zasebnosti/index.html]
[www.avtostudio.si/wp-content/plugins/revslider/public/assets/fonts/font-awesome/fonts/fontawesome-webfont3e6e.eot]
[www.avtostudio.si/wp-content/plugins/revslider/public/assets/fonts/font-awesome/fonts/fontawesome-webfontd41d.eot]
[www.avtostudio.si/wp-content/plugins/revslider/public/assets/fonts/font-awesome/fonts/fontawesome-webfont3e6e.woff2]
[www.avtostudio.si/wp-content/plugins/revslider/public/assets/fonts/font-awesome/fonts/fontawesome-webfont3e6e.woff]
[www.avtostudio.si/wp-content/plugins/revslider/public/assets/fonts/font-awesome/fonts/fontawesome-webfont3e6e.ttf]
[www.avtostudio.si/wp-content/plugins/revslider/public/assets/fonts/font-awesome/css/font-awesome.css]
[www.avtostudio.si/wp-content/plugins/novaro-shortcodes/images/prettyPhoto/default/sprite.html]
[www.avtostudio.si/wp-content/plugins/novaro-shortcodes/images/prettyPhoto/default/sprite_x.html]
[www.avtostudio.si/wp-content/plugins/novaro-shortcodes/images/prettyPhoto/default/sprite_y.html]
[www.avtostudio.si/wp-content/plugins/novaro-shortcodes/images/prettyPhoto/default/sprite_next.html]
[www.avtostudio.si/wp-content/plugins/novaro-shortcodes/images/prettyPhoto/default/sprite_prev.html]
[www.avtostudio.si/wp-content/plugins/novaro-shortcodes/images/prettyPhoto/default/default_thumb.html]
[www.avtostudio.si/wp-content/plugins/novaro-shortcodes/images/prettyPhoto/default/loader.html]
[www.avtostudio.si/wp-content/plugins/novaro-shortcodes/images/prettyPhoto/light_rounded/sprite.html]
[www.avtostudio.si/wp-content/plugins/novaro-shortcodes/images/prettyPhoto/light_rounded/btnNext.html]
[www.avtostudio.si/wp-content/plugins/novaro-shortcodes/images/prettyPhoto/light_rounded/btnPrevious.html]
[www.avtostudio.si/wp-content/plugins/novaro-shortcodes/images/prettyPhoto/dark_rounded/sprite.html]
[www.avtostudio.si/wp-content/plugins/novaro-shortcodes/images/prettyPhoto/dark_rounded/contentPattern.html]
[www.avtostudio.si/wp-content/plugins/novaro-shortcodes/images/prettyPhoto/dark_rounded/btnNext.html]
[www.avtostudio.si/wp-content/plugins/novaro-shortcodes/images/prettyPhoto/dark_rounded/btnPrevious.html]
[www.avtostudio.si/wp-content/plugins/novaro-shortcodes/images/prettyPhoto/dark_rounded/loader.html]
[www.avtostudio.si/wp-content/plugins/novaro-shortcodes/images/prettyPhoto/dark_square/loader.html]
[www.avtostudio.si/wp-content/plugins/novaro-shortcodes/images/prettyPhoto/dark_square/sprite.html]
[www.avtostudio.si/wp-content/plugins/novaro-shortcodes/images/prettyPhoto/dark_square/btnNext.html]
[www.avtostudio.si/wp-content/plugins/novaro-shortcodes/images/prettyPhoto/dark_square/btnPrevious.html]
[www.avtostudio.si/wp-content/plugins/novaro-shortcodes/images/prettyPhoto/light_square/sprite.html]
[www.avtostudio.si/wp-content/plugins/novaro-shortcodes/images/prettyPhoto/light_square/btnNext.html]
[www.avtostudio.si/wp-content/plugins/novaro-shortcodes/images/prettyPhoto/light_square/btnPrevious.html]
[www.avtostudio.si/wp-content/plugins/novaro-shortcodes/images/prettyPhoto/facebook/sprite.html]
[www.avtostudio.si/wp-content/plugins/novaro-shortcodes/images/prettyPhoto/facebook/contentPatternTop.html]
[www.avtostudio.si/wp-content/plugins/novaro-shortcodes/images/prettyPhoto/facebook/contentPatternLeft.html]
[www.avtostudio.si/wp-content/plugins/novaro-shortcodes/images/prettyPhoto/facebook/contentPatternRight.html]
[www.avtostudio.si/wp-content/plugins/novaro-shortcodes/images/prettyPhoto/facebook/loader.html]
[www.avtostudio.si/wp-content/plugins/novaro-shortcodes/images/prettyPhoto/facebook/btnNext.html]
[www.avtostudio.si/wp-content/plugins/novaro-shortcodes/images/prettyPhoto/facebook/btnPrevious.html]
[www.avtostudio.si/wp-content/plugins/novaro-shortcodes/images/prettyPhoto/facebook/contentPatternBottom.html]
[www.avtostudio.si/wp-content/plugins/novaro-shortcodes/images/prettyPhoto/facebook/default_thumbnail.html]
[www.avtostudio.si/wp-content/plugins/novaro-shortcodes/images/prettyPhoto/light_rounded/loader.html]
[www.avtostudio.si/wp-content/plugins/novaro-shortcodes/images/toggle_close.html]
[www.avtostudio.si/wp-content/plugins/novaro-shortcodes/images/toggle_open.html]
[www.avtostudio.si/wp-content/plugins/novaro-shortcodes/images/arrowleft_bold.html]
[www.avtostudio.si/wp-content/plugins/novaro-shortcodes/images/arrowright_bold.html]
[www.avtostudio.si/wp-content/themes/atlantis/fonts/line-icons.svg]
[www.avtostudio.si/index1e7e.html]
[www.avtostudio.si/index4170.html]
[www.avtostudio.si/indexba52.html]
[www.avtostudio.si/index9787.html]
[www.avtostudio.si/index4f61.html]
[www.avtostudio.si/index4837.html]
[www.avtostudio.si/indexe2dc.html]
[www.avtostudio.si/index9cd7.html]
[www.avtostudio.si/wp-content/plugins/revslider/public/assets/fonts/font-awesome/fonts/fontawesome-webfont3e6e.svg]
[www.avtostudio.si/wp-content/plugins/revslider/public/assets/fonts/font-awesome/fonts/fontawesome-webfont3e6e.svg]
